// Jest Snapshot v1, https://goo.gl/fbAQLP

exports[`test on <GetBreedList /> should match the snapshot 1`] = `
<div>
  <div
    class="ant-select ant-select-lg selectList ant-select-multiple ant-select-show-search"
  >
    <div
      class="ant-select-selector"
    >
      <div
        class="ant-select-selection-overflow"
      >
        <div
          class="ant-select-selection-overflow-item ant-select-selection-overflow-item-suffix"
          style="opacity: 1;"
        >
          <div
            class="ant-select-selection-search"
            style="width: 0px;"
          >
            <input
              aria-activedescendant="rc_select_TEST_OR_SSR_list_0"
              aria-autocomplete="list"
              aria-controls="rc_select_TEST_OR_SSR_list"
              aria-haspopup="listbox"
              aria-owns="rc_select_TEST_OR_SSR_list"
              autocomplete="off"
              class="ant-select-selection-search-input"
              id="rc_select_TEST_OR_SSR"
              readonly=""
              role="combobox"
              style="opacity: 0;"
              type="search"
              unselectable="on"
              value=""
            />
            <span
              aria-hidden="true"
              class="ant-select-selection-search-mirror"
            >
              Â 
            </span>
          </div>
        </div>
      </div>
      <span
        class="ant-select-selection-placeholder"
      >
        Seleccione una raza o escrÃ­bala ...
      </span>
    </div>
  </div>
  <div
    class="container mt-5 text-center"
  >
    <h4
      class="text-danger"
    >
      AÃšN NO HAY UNA RAZA SELECCIONADA ðŸ˜ž
    </h4>
  </div>
</div>
`;
