// Jest Snapshot v1, https://goo.gl/fbAQLP

exports[`test on <Header /> should match the snapshot 1`] = `
<div>
  <nav
    class="navbar navbar-expand navbar-light"
  >
    <div
      class="container"
    >
      <span
        class="navbar-brand"
      >
        <h1
          class="redLetter"
        >
          DOGS
          <img
            alt="little dog"
            src="dog-navbar.png"
          />
        </h1>
      </span>
      <button
        aria-label="Toggle navigation"
        class="navbar-toggler collapsed"
        type="button"
      >
        <span
          class="navbar-toggler-icon"
        />
      </button>
      <div
        class="justify-content-end navbar-collapse collapse"
      >
        <span
          class="navbar-text"
        >
          <p
            class="redLetter"
          >
            Fotos de Perritos Lindos
            <img
              alt="dog face"
              src="dog-face.png"
            />
          </p>
        </span>
      </div>
    </div>
  </nav>
</div>
`;
